[34m[INFO ][0;39m [36m2025-04-04 14:31:03.452[0;39m : [32m[com.inspire12.likelionbackend.LikeLionSampleApplication:53][0;39m - Starting LikeLionSampleApplication using Java 21.0.3 with PID 15556 (C:\Users\user\Desktop\Projects\likelion_proj\likelion-backend\build\classes\java\main started by user in C:\Users\user\Desktop\Projects\likelion_proj\likelion-backend)
[34m[INFO ][0;39m [36m2025-04-04 14:31:03.454[0;39m : [32m[com.inspire12.likelionbackend.LikeLionSampleApplication:652][0;39m - No active profile set, falling back to 1 default profile: "default"
[34m[INFO ][0;39m [36m2025-04-04 14:31:03.992[0;39m : [32m[org.springframework.data.repository.config.RepositoryConfigurationDelegate:143][0;39m - Bootstrapping Spring Data JPA repositories in DEFAULT mode.
[34m[INFO ][0;39m [36m2025-04-04 14:31:04.033[0;39m : [32m[org.springframework.data.repository.config.RepositoryConfigurationDelegate:211][0;39m - Finished Spring Data repository scanning in 34 ms. Found 0 JPA repository interfaces.
[34m[INFO ][0;39m [36m2025-04-04 14:31:04.446[0;39m : [32m[org.springframework.boot.web.embedded.tomcat.TomcatWebServer:111][0;39m - Tomcat initialized with port 8082 (http)
[34m[INFO ][0;39m [36m2025-04-04 14:31:04.454[0;39m : [32m[org.apache.coyote.http11.Http11NioProtocol:173][0;39m - Initializing ProtocolHandler ["http-nio-8082"]
[34m[INFO ][0;39m [36m2025-04-04 14:31:04.456[0;39m : [32m[org.apache.catalina.core.StandardService:173][0;39m - Starting service [Tomcat]
[34m[INFO ][0;39m [36m2025-04-04 14:31:04.456[0;39m : [32m[org.apache.catalina.core.StandardEngine:173][0;39m - Starting Servlet engine: [Apache Tomcat/10.1.36]
[34m[INFO ][0;39m [36m2025-04-04 14:31:04.501[0;39m : [32m[org.apache.catalina.core.ContainerBase.[Tomcat].[localhost].[/]:173][0;39m - Initializing Spring embedded WebApplicationContext
[34m[INFO ][0;39m [36m2025-04-04 14:31:04.501[0;39m : [32m[org.springframework.boot.web.servlet.context.ServletWebServerApplicationContext:301][0;39m - Root WebApplicationContext: initialization completed in 1017 ms
[34m[INFO ][0;39m [36m2025-04-04 14:31:04.635[0;39m : [32m[org.hibernate.jpa.internal.util.LogHelper:31][0;39m - HHH000204: Processing PersistenceUnitInfo [name: default]
[34m[INFO ][0;39m [36m2025-04-04 14:31:04.684[0;39m : [32m[org.hibernate.Version:44][0;39m - HHH000412: Hibernate ORM core version 6.6.8.Final
[34m[INFO ][0;39m [36m2025-04-04 14:31:04.712[0;39m : [32m[org.hibernate.cache.internal.RegionFactoryInitiator:50][0;39m - HHH000026: Second-level cache disabled
[34m[INFO ][0;39m [36m2025-04-04 14:31:04.947[0;39m : [32m[org.springframework.orm.jpa.persistenceunit.SpringPersistenceUnitInfo:87][0;39m - No LoadTimeWeaver setup: ignoring JPA class transformer
[34m[INFO ][0;39m [36m2025-04-04 14:31:04.971[0;39m : [32m[com.zaxxer.hikari.HikariDataSource:109][0;39m - HikariPool-1 - Starting...
[34m[INFO ][0;39m [36m2025-04-04 14:31:05.203[0;39m : [32m[com.zaxxer.hikari.pool.HikariPool:554][0;39m - HikariPool-1 - Added connection com.mysql.cj.jdbc.ConnectionImpl@65a4b9d6
[34m[INFO ][0;39m [36m2025-04-04 14:31:05.205[0;39m : [32m[com.zaxxer.hikari.HikariDataSource:122][0;39m - HikariPool-1 - Start completed.
[34m[INFO ][0;39m [36m2025-04-04 14:31:05.269[0;39m : [32m[org.hibernate.orm.connections.pooling:157][0;39m - HHH10001005: Database info:
	Database JDBC URL [Connecting through datasource 'HikariDataSource (HikariPool-1)']
	Database driver: undefined/unknown
	Database version: 8.0.41
	Autocommit mode: undefined/unknown
	Isolation level: undefined/unknown
	Minimum pool size: undefined/unknown
	Maximum pool size: undefined/unknown
[34m[INFO ][0;39m [36m2025-04-04 14:31:05.529[0;39m : [32m[org.hibernate.engine.transaction.jta.platform.internal.JtaPlatformInitiator:59][0;39m - HHH000489: No JTA platform available (set 'hibernate.transaction.jta.platform' to enable JTA platform integration)
[34m[INFO ][0;39m [36m2025-04-04 14:31:05.534[0;39m : [32m[org.springframework.orm.jpa.LocalContainerEntityManagerFactoryBean:447][0;39m - Initialized JPA EntityManagerFactory for persistence unit 'default'
[31m[WARN ][0;39m [36m2025-04-04 14:31:05.660[0;39m : [32m[org.springframework.boot.autoconfigure.orm.jpa.JpaBaseConfiguration$JpaWebConfiguration:241][0;39m - spring.jpa.open-in-view is enabled by default. Therefore, database queries may be performed during view rendering. Explicitly configure spring.jpa.open-in-view to disable this warning
[34m[INFO ][0;39m [36m2025-04-04 14:31:05.679[0;39m : [32m[org.springframework.boot.autoconfigure.web.servlet.WelcomePageHandlerMapping:59][0;39m - Adding welcome page template: index
[34m[INFO ][0;39m [36m2025-04-04 14:31:05.882[0;39m : [32m[org.apache.coyote.http11.Http11NioProtocol:173][0;39m - Starting ProtocolHandler ["http-nio-8082"]
[34m[INFO ][0;39m [36m2025-04-04 14:31:05.896[0;39m : [32m[org.springframework.boot.web.embedded.tomcat.TomcatWebServer:243][0;39m - Tomcat started on port 8082 (http) with context path '/'
[34m[INFO ][0;39m [36m2025-04-04 14:31:05.900[0;39m : [32m[com.inspire12.likelionbackend.LikeLionSampleApplication:59][0;39m - Started LikeLionSampleApplication in 3.045 seconds (process running for 3.333)
[34m[INFO ][0;39m [36m2025-04-04 14:33:13.611[0;39m : [32m[com.inspire12.likelionbackend.LikeLionSampleApplication:53][0;39m - Starting LikeLionSampleApplication using Java 21.0.3 with PID 11620 (C:\Users\user\Desktop\Projects\likelion_proj\likelion-backend\build\classes\java\main started by user in C:\Users\user\Desktop\Projects\likelion_proj\likelion-backend)
[34m[INFO ][0;39m [36m2025-04-04 14:33:13.614[0;39m : [32m[com.inspire12.likelionbackend.LikeLionSampleApplication:652][0;39m - No active profile set, falling back to 1 default profile: "default"
[34m[INFO ][0;39m [36m2025-04-04 14:33:14.156[0;39m : [32m[org.springframework.data.repository.config.RepositoryConfigurationDelegate:143][0;39m - Bootstrapping Spring Data JPA repositories in DEFAULT mode.
[34m[INFO ][0;39m [36m2025-04-04 14:33:14.199[0;39m : [32m[org.springframework.data.repository.config.RepositoryConfigurationDelegate:211][0;39m - Finished Spring Data repository scanning in 35 ms. Found 0 JPA repository interfaces.
[34m[INFO ][0;39m [36m2025-04-04 14:33:14.645[0;39m : [32m[org.springframework.boot.web.embedded.tomcat.TomcatWebServer:111][0;39m - Tomcat initialized with port 8082 (http)
[34m[INFO ][0;39m [36m2025-04-04 14:33:14.654[0;39m : [32m[org.apache.coyote.http11.Http11NioProtocol:173][0;39m - Initializing ProtocolHandler ["http-nio-8082"]
[34m[INFO ][0;39m [36m2025-04-04 14:33:14.656[0;39m : [32m[org.apache.catalina.core.StandardService:173][0;39m - Starting service [Tomcat]
[34m[INFO ][0;39m [36m2025-04-04 14:33:14.656[0;39m : [32m[org.apache.catalina.core.StandardEngine:173][0;39m - Starting Servlet engine: [Apache Tomcat/10.1.36]
[34m[INFO ][0;39m [36m2025-04-04 14:33:14.703[0;39m : [32m[org.apache.catalina.core.ContainerBase.[Tomcat].[localhost].[/]:173][0;39m - Initializing Spring embedded WebApplicationContext
[34m[INFO ][0;39m [36m2025-04-04 14:33:14.703[0;39m : [32m[org.springframework.boot.web.servlet.context.ServletWebServerApplicationContext:301][0;39m - Root WebApplicationContext: initialization completed in 1050 ms
[34m[INFO ][0;39m [36m2025-04-04 14:33:14.860[0;39m : [32m[org.hibernate.jpa.internal.util.LogHelper:31][0;39m - HHH000204: Processing PersistenceUnitInfo [name: default]
[34m[INFO ][0;39m [36m2025-04-04 14:33:14.905[0;39m : [32m[org.hibernate.Version:44][0;39m - HHH000412: Hibernate ORM core version 6.6.8.Final
[34m[INFO ][0;39m [36m2025-04-04 14:33:14.934[0;39m : [32m[org.hibernate.cache.internal.RegionFactoryInitiator:50][0;39m - HHH000026: Second-level cache disabled
[34m[INFO ][0;39m [36m2025-04-04 14:33:15.169[0;39m : [32m[org.springframework.orm.jpa.persistenceunit.SpringPersistenceUnitInfo:87][0;39m - No LoadTimeWeaver setup: ignoring JPA class transformer
[34m[INFO ][0;39m [36m2025-04-04 14:33:15.193[0;39m : [32m[com.zaxxer.hikari.HikariDataSource:109][0;39m - HikariPool-1 - Starting...
[34m[INFO ][0;39m [36m2025-04-04 14:33:15.450[0;39m : [32m[com.zaxxer.hikari.pool.HikariPool:554][0;39m - HikariPool-1 - Added connection com.mysql.cj.jdbc.ConnectionImpl@21e39b82
[34m[INFO ][0;39m [36m2025-04-04 14:33:15.453[0;39m : [32m[com.zaxxer.hikari.HikariDataSource:122][0;39m - HikariPool-1 - Start completed.
[34m[INFO ][0;39m [36m2025-04-04 14:33:15.522[0;39m : [32m[org.hibernate.orm.connections.pooling:157][0;39m - HHH10001005: Database info:
	Database JDBC URL [Connecting through datasource 'HikariDataSource (HikariPool-1)']
	Database driver: undefined/unknown
	Database version: 8.0.41
	Autocommit mode: undefined/unknown
	Isolation level: undefined/unknown
	Minimum pool size: undefined/unknown
	Maximum pool size: undefined/unknown
[34m[INFO ][0;39m [36m2025-04-04 14:33:15.791[0;39m : [32m[org.hibernate.engine.transaction.jta.platform.internal.JtaPlatformInitiator:59][0;39m - HHH000489: No JTA platform available (set 'hibernate.transaction.jta.platform' to enable JTA platform integration)
[34m[INFO ][0;39m [36m2025-04-04 14:33:15.795[0;39m : [32m[org.springframework.orm.jpa.LocalContainerEntityManagerFactoryBean:447][0;39m - Initialized JPA EntityManagerFactory for persistence unit 'default'
[31m[WARN ][0;39m [36m2025-04-04 14:33:15.929[0;39m : [32m[org.springframework.boot.autoconfigure.orm.jpa.JpaBaseConfiguration$JpaWebConfiguration:241][0;39m - spring.jpa.open-in-view is enabled by default. Therefore, database queries may be performed during view rendering. Explicitly configure spring.jpa.open-in-view to disable this warning
[34m[INFO ][0;39m [36m2025-04-04 14:33:15.950[0;39m : [32m[org.springframework.boot.autoconfigure.web.servlet.WelcomePageHandlerMapping:59][0;39m - Adding welcome page template: index
[34m[INFO ][0;39m [36m2025-04-04 14:33:16.157[0;39m : [32m[org.apache.coyote.http11.Http11NioProtocol:173][0;39m - Starting ProtocolHandler ["http-nio-8082"]
[34m[INFO ][0;39m [36m2025-04-04 14:33:16.169[0;39m : [32m[org.springframework.boot.web.embedded.tomcat.TomcatWebServer:243][0;39m - Tomcat started on port 8082 (http) with context path '/'
[34m[INFO ][0;39m [36m2025-04-04 14:33:16.175[0;39m : [32m[com.inspire12.likelionbackend.LikeLionSampleApplication:59][0;39m - Started LikeLionSampleApplication in 3.182 seconds (process running for 3.485)
[34m[INFO ][0;39m [36m2025-04-04 14:35:32.845[0;39m : [32m[com.inspire12.likelionbackend.LikeLionSampleApplication:53][0;39m - Starting LikeLionSampleApplication using Java 21.0.3 with PID 28632 (C:\Users\user\Desktop\Projects\likelion_proj\likelion-backend\build\classes\java\main started by user in C:\Users\user\Desktop\Projects\likelion_proj\likelion-backend)
[34m[INFO ][0;39m [36m2025-04-04 14:35:32.848[0;39m : [32m[com.inspire12.likelionbackend.LikeLionSampleApplication:652][0;39m - No active profile set, falling back to 1 default profile: "default"
[34m[INFO ][0;39m [36m2025-04-04 14:35:33.324[0;39m : [32m[org.springframework.data.repository.config.RepositoryConfigurationDelegate:143][0;39m - Bootstrapping Spring Data JPA repositories in DEFAULT mode.
[34m[INFO ][0;39m [36m2025-04-04 14:35:33.362[0;39m : [32m[org.springframework.data.repository.config.RepositoryConfigurationDelegate:211][0;39m - Finished Spring Data repository scanning in 30 ms. Found 0 JPA repository interfaces.
[34m[INFO ][0;39m [36m2025-04-04 14:35:33.761[0;39m : [32m[org.springframework.boot.web.embedded.tomcat.TomcatWebServer:111][0;39m - Tomcat initialized with port 8082 (http)
[34m[INFO ][0;39m [36m2025-04-04 14:35:33.772[0;39m : [32m[org.apache.coyote.http11.Http11NioProtocol:173][0;39m - Initializing ProtocolHandler ["http-nio-8082"]
[34m[INFO ][0;39m [36m2025-04-04 14:35:33.773[0;39m : [32m[org.apache.catalina.core.StandardService:173][0;39m - Starting service [Tomcat]
[34m[INFO ][0;39m [36m2025-04-04 14:35:33.773[0;39m : [32m[org.apache.catalina.core.StandardEngine:173][0;39m - Starting Servlet engine: [Apache Tomcat/10.1.36]
[34m[INFO ][0;39m [36m2025-04-04 14:35:33.825[0;39m : [32m[org.apache.catalina.core.ContainerBase.[Tomcat].[localhost].[/]:173][0;39m - Initializing Spring embedded WebApplicationContext
[34m[INFO ][0;39m [36m2025-04-04 14:35:33.825[0;39m : [32m[org.springframework.boot.web.servlet.context.ServletWebServerApplicationContext:301][0;39m - Root WebApplicationContext: initialization completed in 942 ms
[34m[INFO ][0;39m [36m2025-04-04 14:35:33.961[0;39m : [32m[org.hibernate.jpa.internal.util.LogHelper:31][0;39m - HHH000204: Processing PersistenceUnitInfo [name: default]
[34m[INFO ][0;39m [36m2025-04-04 14:35:34.005[0;39m : [32m[org.hibernate.Version:44][0;39m - HHH000412: Hibernate ORM core version 6.6.8.Final
[34m[INFO ][0;39m [36m2025-04-04 14:35:34.030[0;39m : [32m[org.hibernate.cache.internal.RegionFactoryInitiator:50][0;39m - HHH000026: Second-level cache disabled
[34m[INFO ][0;39m [36m2025-04-04 14:35:34.249[0;39m : [32m[org.springframework.orm.jpa.persistenceunit.SpringPersistenceUnitInfo:87][0;39m - No LoadTimeWeaver setup: ignoring JPA class transformer
[34m[INFO ][0;39m [36m2025-04-04 14:35:34.270[0;39m : [32m[com.zaxxer.hikari.HikariDataSource:109][0;39m - HikariPool-1 - Starting...
[34m[INFO ][0;39m [36m2025-04-04 14:35:34.485[0;39m : [32m[com.zaxxer.hikari.pool.HikariPool:554][0;39m - HikariPool-1 - Added connection com.mysql.cj.jdbc.ConnectionImpl@21e39b82
[34m[INFO ][0;39m [36m2025-04-04 14:35:34.487[0;39m : [32m[com.zaxxer.hikari.HikariDataSource:122][0;39m - HikariPool-1 - Start completed.
[34m[INFO ][0;39m [36m2025-04-04 14:35:34.549[0;39m : [32m[org.hibernate.orm.connections.pooling:157][0;39m - HHH10001005: Database info:
	Database JDBC URL [Connecting through datasource 'HikariDataSource (HikariPool-1)']
	Database driver: undefined/unknown
	Database version: 8.0.41
	Autocommit mode: undefined/unknown
	Isolation level: undefined/unknown
	Minimum pool size: undefined/unknown
	Maximum pool size: undefined/unknown
[34m[INFO ][0;39m [36m2025-04-04 14:35:34.806[0;39m : [32m[org.hibernate.engine.transaction.jta.platform.internal.JtaPlatformInitiator:59][0;39m - HHH000489: No JTA platform available (set 'hibernate.transaction.jta.platform' to enable JTA platform integration)
[34m[INFO ][0;39m [36m2025-04-04 14:35:34.810[0;39m : [32m[org.springframework.orm.jpa.LocalContainerEntityManagerFactoryBean:447][0;39m - Initialized JPA EntityManagerFactory for persistence unit 'default'
[31m[WARN ][0;39m [36m2025-04-04 14:35:34.949[0;39m : [32m[org.springframework.boot.autoconfigure.orm.jpa.JpaBaseConfiguration$JpaWebConfiguration:241][0;39m - spring.jpa.open-in-view is enabled by default. Therefore, database queries may be performed during view rendering. Explicitly configure spring.jpa.open-in-view to disable this warning
[34m[INFO ][0;39m [36m2025-04-04 14:35:34.968[0;39m : [32m[org.springframework.boot.autoconfigure.web.servlet.WelcomePageHandlerMapping:59][0;39m - Adding welcome page template: index
[34m[INFO ][0;39m [36m2025-04-04 14:35:35.178[0;39m : [32m[org.apache.coyote.http11.Http11NioProtocol:173][0;39m - Starting ProtocolHandler ["http-nio-8082"]
[34m[INFO ][0;39m [36m2025-04-04 14:35:35.192[0;39m : [32m[org.springframework.boot.web.embedded.tomcat.TomcatWebServer:243][0;39m - Tomcat started on port 8082 (http) with context path '/'
[34m[INFO ][0;39m [36m2025-04-04 14:35:35.198[0;39m : [32m[com.inspire12.likelionbackend.LikeLionSampleApplication:59][0;39m - Started LikeLionSampleApplication in 2.952 seconds (process running for 3.259)
[34m[INFO ][0;39m [36m2025-04-04 14:39:54.202[0;39m : [32m[com.inspire12.likelionbackend.LikeLionSampleApplication:53][0;39m - Starting LikeLionSampleApplication using Java 21.0.3 with PID 29920 (C:\Users\user\Desktop\Projects\likelion_proj\likelion-backend\build\classes\java\main started by user in C:\Users\user\Desktop\Projects\likelion_proj\likelion-backend)
[34m[INFO ][0;39m [36m2025-04-04 14:39:54.204[0;39m : [32m[com.inspire12.likelionbackend.LikeLionSampleApplication:652][0;39m - No active profile set, falling back to 1 default profile: "default"
[34m[INFO ][0;39m [36m2025-04-04 14:39:54.670[0;39m : [32m[org.springframework.data.repository.config.RepositoryConfigurationDelegate:143][0;39m - Bootstrapping Spring Data JPA repositories in DEFAULT mode.
[34m[INFO ][0;39m [36m2025-04-04 14:39:54.706[0;39m : [32m[org.springframework.data.repository.config.RepositoryConfigurationDelegate:211][0;39m - Finished Spring Data repository scanning in 30 ms. Found 0 JPA repository interfaces.
[34m[INFO ][0;39m [36m2025-04-04 14:39:55.081[0;39m : [32m[org.springframework.boot.web.embedded.tomcat.TomcatWebServer:111][0;39m - Tomcat initialized with port 8082 (http)
[34m[INFO ][0;39m [36m2025-04-04 14:39:55.089[0;39m : [32m[org.apache.coyote.http11.Http11NioProtocol:173][0;39m - Initializing ProtocolHandler ["http-nio-8082"]
[34m[INFO ][0;39m [36m2025-04-04 14:39:55.090[0;39m : [32m[org.apache.catalina.core.StandardService:173][0;39m - Starting service [Tomcat]
[34m[INFO ][0;39m [36m2025-04-04 14:39:55.090[0;39m : [32m[org.apache.catalina.core.StandardEngine:173][0;39m - Starting Servlet engine: [Apache Tomcat/10.1.36]
[34m[INFO ][0;39m [36m2025-04-04 14:39:55.135[0;39m : [32m[org.apache.catalina.core.ContainerBase.[Tomcat].[localhost].[/]:173][0;39m - Initializing Spring embedded WebApplicationContext
[34m[INFO ][0;39m [36m2025-04-04 14:39:55.135[0;39m : [32m[org.springframework.boot.web.servlet.context.ServletWebServerApplicationContext:301][0;39m - Root WebApplicationContext: initialization completed in 897 ms
[34m[INFO ][0;39m [36m2025-04-04 14:39:55.276[0;39m : [32m[org.hibernate.jpa.internal.util.LogHelper:31][0;39m - HHH000204: Processing PersistenceUnitInfo [name: default]
[34m[INFO ][0;39m [36m2025-04-04 14:39:55.321[0;39m : [32m[org.hibernate.Version:44][0;39m - HHH000412: Hibernate ORM core version 6.6.8.Final
[34m[INFO ][0;39m [36m2025-04-04 14:39:55.348[0;39m : [32m[org.hibernate.cache.internal.RegionFactoryInitiator:50][0;39m - HHH000026: Second-level cache disabled
[34m[INFO ][0;39m [36m2025-04-04 14:39:55.572[0;39m : [32m[org.springframework.orm.jpa.persistenceunit.SpringPersistenceUnitInfo:87][0;39m - No LoadTimeWeaver setup: ignoring JPA class transformer
[34m[INFO ][0;39m [36m2025-04-04 14:39:55.597[0;39m : [32m[com.zaxxer.hikari.HikariDataSource:109][0;39m - HikariPool-1 - Starting...
[34m[INFO ][0;39m [36m2025-04-04 14:39:55.816[0;39m : [32m[com.zaxxer.hikari.pool.HikariPool:554][0;39m - HikariPool-1 - Added connection com.mysql.cj.jdbc.ConnectionImpl@1280bae3
[34m[INFO ][0;39m [36m2025-04-04 14:39:55.818[0;39m : [32m[com.zaxxer.hikari.HikariDataSource:122][0;39m - HikariPool-1 - Start completed.
[34m[INFO ][0;39m [36m2025-04-04 14:39:55.879[0;39m : [32m[org.hibernate.orm.connections.pooling:157][0;39m - HHH10001005: Database info:
	Database JDBC URL [Connecting through datasource 'HikariDataSource (HikariPool-1)']
	Database driver: undefined/unknown
	Database version: 8.0.41
	Autocommit mode: undefined/unknown
	Isolation level: undefined/unknown
	Minimum pool size: undefined/unknown
	Maximum pool size: undefined/unknown
[34m[INFO ][0;39m [36m2025-04-04 14:39:56.126[0;39m : [32m[org.hibernate.engine.transaction.jta.platform.internal.JtaPlatformInitiator:59][0;39m - HHH000489: No JTA platform available (set 'hibernate.transaction.jta.platform' to enable JTA platform integration)
[34m[INFO ][0;39m [36m2025-04-04 14:39:56.130[0;39m : [32m[org.springframework.orm.jpa.LocalContainerEntityManagerFactoryBean:447][0;39m - Initialized JPA EntityManagerFactory for persistence unit 'default'
[31m[WARN ][0;39m [36m2025-04-04 14:39:56.270[0;39m : [32m[org.springframework.boot.autoconfigure.orm.jpa.JpaBaseConfiguration$JpaWebConfiguration:241][0;39m - spring.jpa.open-in-view is enabled by default. Therefore, database queries may be performed during view rendering. Explicitly configure spring.jpa.open-in-view to disable this warning
[34m[INFO ][0;39m [36m2025-04-04 14:39:56.289[0;39m : [32m[org.springframework.boot.autoconfigure.web.servlet.WelcomePageHandlerMapping:59][0;39m - Adding welcome page template: index
[34m[INFO ][0;39m [36m2025-04-04 14:39:56.489[0;39m : [32m[org.apache.coyote.http11.Http11NioProtocol:173][0;39m - Starting ProtocolHandler ["http-nio-8082"]
[34m[INFO ][0;39m [36m2025-04-04 14:39:56.503[0;39m : [32m[org.springframework.boot.web.embedded.tomcat.TomcatWebServer:243][0;39m - Tomcat started on port 8082 (http) with context path '/'
[34m[INFO ][0;39m [36m2025-04-04 14:39:56.509[0;39m : [32m[com.inspire12.likelionbackend.LikeLionSampleApplication:59][0;39m - Started LikeLionSampleApplication in 2.903 seconds (process running for 3.188)
[34m[INFO ][0;39m [36m2025-04-04 14:49:53.224[0;39m : [32m[com.inspire12.likelionbackend.LikeLionSampleApplication:53][0;39m - Starting LikeLionSampleApplication using Java 21.0.3 with PID 7176 (C:\Users\user\Desktop\Projects\likelion_proj\likelion-backend\build\classes\java\main started by user in C:\Users\user\Desktop\Projects\likelion_proj\likelion-backend)
[34m[INFO ][0;39m [36m2025-04-04 14:49:53.227[0;39m : [32m[com.inspire12.likelionbackend.LikeLionSampleApplication:652][0;39m - No active profile set, falling back to 1 default profile: "default"
[34m[INFO ][0;39m [36m2025-04-04 14:49:53.777[0;39m : [32m[org.springframework.data.repository.config.RepositoryConfigurationDelegate:143][0;39m - Bootstrapping Spring Data JPA repositories in DEFAULT mode.
[34m[INFO ][0;39m [36m2025-04-04 14:49:53.816[0;39m : [32m[org.springframework.data.repository.config.RepositoryConfigurationDelegate:211][0;39m - Finished Spring Data repository scanning in 32 ms. Found 0 JPA repository interfaces.
[34m[INFO ][0;39m [36m2025-04-04 14:49:54.263[0;39m : [32m[org.springframework.boot.web.embedded.tomcat.TomcatWebServer:111][0;39m - Tomcat initialized with port 8082 (http)
[34m[INFO ][0;39m [36m2025-04-04 14:49:54.273[0;39m : [32m[org.apache.coyote.http11.Http11NioProtocol:173][0;39m - Initializing ProtocolHandler ["http-nio-8082"]
[34m[INFO ][0;39m [36m2025-04-04 14:49:54.275[0;39m : [32m[org.apache.catalina.core.StandardService:173][0;39m - Starting service [Tomcat]
[34m[INFO ][0;39m [36m2025-04-04 14:49:54.275[0;39m : [32m[org.apache.catalina.core.StandardEngine:173][0;39m - Starting Servlet engine: [Apache Tomcat/10.1.36]
[34m[INFO ][0;39m [36m2025-04-04 14:49:54.323[0;39m : [32m[org.apache.catalina.core.ContainerBase.[Tomcat].[localhost].[/]:173][0;39m - Initializing Spring embedded WebApplicationContext
[34m[INFO ][0;39m [36m2025-04-04 14:49:54.323[0;39m : [32m[org.springframework.boot.web.servlet.context.ServletWebServerApplicationContext:301][0;39m - Root WebApplicationContext: initialization completed in 1037 ms
[34m[INFO ][0;39m [36m2025-04-04 14:49:54.478[0;39m : [32m[org.hibernate.jpa.internal.util.LogHelper:31][0;39m - HHH000204: Processing PersistenceUnitInfo [name: default]
[34m[INFO ][0;39m [36m2025-04-04 14:49:54.525[0;39m : [32m[org.hibernate.Version:44][0;39m - HHH000412: Hibernate ORM core version 6.6.8.Final
[34m[INFO ][0;39m [36m2025-04-04 14:49:54.552[0;39m : [32m[org.hibernate.cache.internal.RegionFactoryInitiator:50][0;39m - HHH000026: Second-level cache disabled
[34m[INFO ][0;39m [36m2025-04-04 14:49:54.789[0;39m : [32m[org.springframework.orm.jpa.persistenceunit.SpringPersistenceUnitInfo:87][0;39m - No LoadTimeWeaver setup: ignoring JPA class transformer
[34m[INFO ][0;39m [36m2025-04-04 14:49:54.814[0;39m : [32m[com.zaxxer.hikari.HikariDataSource:109][0;39m - HikariPool-1 - Starting...
[34m[INFO ][0;39m [36m2025-04-04 14:49:55.050[0;39m : [32m[com.zaxxer.hikari.pool.HikariPool:554][0;39m - HikariPool-1 - Added connection com.mysql.cj.jdbc.ConnectionImpl@21e39b82
[34m[INFO ][0;39m [36m2025-04-04 14:49:55.052[0;39m : [32m[com.zaxxer.hikari.HikariDataSource:122][0;39m - HikariPool-1 - Start completed.
[34m[INFO ][0;39m [36m2025-04-04 14:49:55.122[0;39m : [32m[org.hibernate.orm.connections.pooling:157][0;39m - HHH10001005: Database info:
	Database JDBC URL [Connecting through datasource 'HikariDataSource (HikariPool-1)']
	Database driver: undefined/unknown
	Database version: 8.0.41
	Autocommit mode: undefined/unknown
	Isolation level: undefined/unknown
	Minimum pool size: undefined/unknown
	Maximum pool size: undefined/unknown
[34m[INFO ][0;39m [36m2025-04-04 14:49:55.389[0;39m : [32m[org.hibernate.engine.transaction.jta.platform.internal.JtaPlatformInitiator:59][0;39m - HHH000489: No JTA platform available (set 'hibernate.transaction.jta.platform' to enable JTA platform integration)
[34m[INFO ][0;39m [36m2025-04-04 14:49:55.395[0;39m : [32m[org.springframework.orm.jpa.LocalContainerEntityManagerFactoryBean:447][0;39m - Initialized JPA EntityManagerFactory for persistence unit 'default'
[31m[WARN ][0;39m [36m2025-04-04 14:49:55.526[0;39m : [32m[org.springframework.boot.autoconfigure.orm.jpa.JpaBaseConfiguration$JpaWebConfiguration:241][0;39m - spring.jpa.open-in-view is enabled by default. Therefore, database queries may be performed during view rendering. Explicitly configure spring.jpa.open-in-view to disable this warning
[34m[INFO ][0;39m [36m2025-04-04 14:49:55.550[0;39m : [32m[org.springframework.boot.autoconfigure.web.servlet.WelcomePageHandlerMapping:59][0;39m - Adding welcome page template: index
[34m[INFO ][0;39m [36m2025-04-04 14:49:55.756[0;39m : [32m[org.apache.coyote.http11.Http11NioProtocol:173][0;39m - Starting ProtocolHandler ["http-nio-8082"]
[34m[INFO ][0;39m [36m2025-04-04 14:49:55.770[0;39m : [32m[org.springframework.boot.web.embedded.tomcat.TomcatWebServer:243][0;39m - Tomcat started on port 8082 (http) with context path '/'
[34m[INFO ][0;39m [36m2025-04-04 14:49:55.774[0;39m : [32m[com.inspire12.likelionbackend.LikeLionSampleApplication:59][0;39m - Started LikeLionSampleApplication in 3.172 seconds (process running for 3.464)
[34m[INFO ][0;39m [36m2025-04-04 15:09:08.579[0;39m : [32m[com.inspire12.likelionbackend.LikeLionSampleApplication:53][0;39m - Starting LikeLionSampleApplication using Java 21.0.3 with PID 33652 (C:\Users\user\Desktop\Projects\likelion_proj\likelion-backend\build\classes\java\main started by user in C:\Users\user\Desktop\Projects\likelion_proj\likelion-backend)
[34m[INFO ][0;39m [36m2025-04-04 15:09:08.581[0;39m : [32m[com.inspire12.likelionbackend.LikeLionSampleApplication:652][0;39m - No active profile set, falling back to 1 default profile: "default"
[34m[INFO ][0;39m [36m2025-04-04 15:09:09.139[0;39m : [32m[org.springframework.data.repository.config.RepositoryConfigurationDelegate:143][0;39m - Bootstrapping Spring Data JPA repositories in DEFAULT mode.
[34m[INFO ][0;39m [36m2025-04-04 15:09:09.179[0;39m : [32m[org.springframework.data.repository.config.RepositoryConfigurationDelegate:211][0;39m - Finished Spring Data repository scanning in 31 ms. Found 0 JPA repository interfaces.
[34m[INFO ][0;39m [36m2025-04-04 15:09:09.582[0;39m : [32m[org.springframework.boot.web.embedded.tomcat.TomcatWebServer:111][0;39m - Tomcat initialized with port 8082 (http)
[34m[INFO ][0;39m [36m2025-04-04 15:09:09.591[0;39m : [32m[org.apache.coyote.http11.Http11NioProtocol:173][0;39m - Initializing ProtocolHandler ["http-nio-8082"]
[34m[INFO ][0;39m [36m2025-04-04 15:09:09.592[0;39m : [32m[org.apache.catalina.core.StandardService:173][0;39m - Starting service [Tomcat]
[34m[INFO ][0;39m [36m2025-04-04 15:09:09.592[0;39m : [32m[org.apache.catalina.core.StandardEngine:173][0;39m - Starting Servlet engine: [Apache Tomcat/10.1.36]
[34m[INFO ][0;39m [36m2025-04-04 15:09:09.639[0;39m : [32m[org.apache.catalina.core.ContainerBase.[Tomcat].[localhost].[/]:173][0;39m - Initializing Spring embedded WebApplicationContext
[34m[INFO ][0;39m [36m2025-04-04 15:09:09.640[0;39m : [32m[org.springframework.boot.web.servlet.context.ServletWebServerApplicationContext:301][0;39m - Root WebApplicationContext: initialization completed in 1022 ms
[34m[INFO ][0;39m [36m2025-04-04 15:09:09.783[0;39m : [32m[org.hibernate.jpa.internal.util.LogHelper:31][0;39m - HHH000204: Processing PersistenceUnitInfo [name: default]
[34m[INFO ][0;39m [36m2025-04-04 15:09:09.825[0;39m : [32m[org.hibernate.Version:44][0;39m - HHH000412: Hibernate ORM core version 6.6.8.Final
[34m[INFO ][0;39m [36m2025-04-04 15:09:09.851[0;39m : [32m[org.hibernate.cache.internal.RegionFactoryInitiator:50][0;39m - HHH000026: Second-level cache disabled
[34m[INFO ][0;39m [36m2025-04-04 15:09:10.075[0;39m : [32m[org.springframework.orm.jpa.persistenceunit.SpringPersistenceUnitInfo:87][0;39m - No LoadTimeWeaver setup: ignoring JPA class transformer
[34m[INFO ][0;39m [36m2025-04-04 15:09:10.099[0;39m : [32m[com.zaxxer.hikari.HikariDataSource:109][0;39m - HikariPool-1 - Starting...
[34m[INFO ][0;39m [36m2025-04-04 15:09:10.339[0;39m : [32m[com.zaxxer.hikari.pool.HikariPool:554][0;39m - HikariPool-1 - Added connection com.mysql.cj.jdbc.ConnectionImpl@41f90b10
[34m[INFO ][0;39m [36m2025-04-04 15:09:10.341[0;39m : [32m[com.zaxxer.hikari.HikariDataSource:122][0;39m - HikariPool-1 - Start completed.
[34m[INFO ][0;39m [36m2025-04-04 15:09:10.408[0;39m : [32m[org.hibernate.orm.connections.pooling:157][0;39m - HHH10001005: Database info:
	Database JDBC URL [Connecting through datasource 'HikariDataSource (HikariPool-1)']
	Database driver: undefined/unknown
	Database version: 8.0.41
	Autocommit mode: undefined/unknown
	Isolation level: undefined/unknown
	Minimum pool size: undefined/unknown
	Maximum pool size: undefined/unknown
[34m[INFO ][0;39m [36m2025-04-04 15:09:10.673[0;39m : [32m[org.hibernate.engine.transaction.jta.platform.internal.JtaPlatformInitiator:59][0;39m - HHH000489: No JTA platform available (set 'hibernate.transaction.jta.platform' to enable JTA platform integration)
[34m[INFO ][0;39m [36m2025-04-04 15:09:10.678[0;39m : [32m[org.springframework.orm.jpa.LocalContainerEntityManagerFactoryBean:447][0;39m - Initialized JPA EntityManagerFactory for persistence unit 'default'
[31m[WARN ][0;39m [36m2025-04-04 15:09:10.812[0;39m : [32m[org.springframework.boot.autoconfigure.orm.jpa.JpaBaseConfiguration$JpaWebConfiguration:241][0;39m - spring.jpa.open-in-view is enabled by default. Therefore, database queries may be performed during view rendering. Explicitly configure spring.jpa.open-in-view to disable this warning
[34m[INFO ][0;39m [36m2025-04-04 15:09:10.837[0;39m : [32m[org.springframework.boot.autoconfigure.web.servlet.WelcomePageHandlerMapping:59][0;39m - Adding welcome page template: index
[34m[INFO ][0;39m [36m2025-04-04 15:09:11.084[0;39m : [32m[org.apache.coyote.http11.Http11NioProtocol:173][0;39m - Starting ProtocolHandler ["http-nio-8082"]
[34m[INFO ][0;39m [36m2025-04-04 15:09:11.098[0;39m : [32m[org.springframework.boot.web.embedded.tomcat.TomcatWebServer:243][0;39m - Tomcat started on port 8082 (http) with context path '/'
[34m[INFO ][0;39m [36m2025-04-04 15:09:11.104[0;39m : [32m[com.inspire12.likelionbackend.LikeLionSampleApplication:59][0;39m - Started LikeLionSampleApplication in 3.151 seconds (process running for 3.45)
[34m[INFO ][0;39m [36m2025-04-04 15:10:49.594[0;39m : [32m[com.inspire12.likelionbackend.LikeLionSampleApplication:53][0;39m - Starting LikeLionSampleApplication using Java 21.0.3 with PID 32132 (C:\Users\user\Desktop\Projects\likelion_proj\likelion-backend\build\classes\java\main started by user in C:\Users\user\Desktop\Projects\likelion_proj\likelion-backend)
[34m[INFO ][0;39m [36m2025-04-04 15:10:49.597[0;39m : [32m[com.inspire12.likelionbackend.LikeLionSampleApplication:652][0;39m - No active profile set, falling back to 1 default profile: "default"
[34m[INFO ][0;39m [36m2025-04-04 15:10:50.099[0;39m : [32m[org.springframework.data.repository.config.RepositoryConfigurationDelegate:143][0;39m - Bootstrapping Spring Data JPA repositories in DEFAULT mode.
[34m[INFO ][0;39m [36m2025-04-04 15:10:50.138[0;39m : [32m[org.springframework.data.repository.config.RepositoryConfigurationDelegate:211][0;39m - Finished Spring Data repository scanning in 32 ms. Found 0 JPA repository interfaces.
[34m[INFO ][0;39m [36m2025-04-04 15:10:50.548[0;39m : [32m[org.springframework.boot.web.embedded.tomcat.TomcatWebServer:111][0;39m - Tomcat initialized with port 8082 (http)
[34m[INFO ][0;39m [36m2025-04-04 15:10:50.557[0;39m : [32m[org.apache.coyote.http11.Http11NioProtocol:173][0;39m - Initializing ProtocolHandler ["http-nio-8082"]
[34m[INFO ][0;39m [36m2025-04-04 15:10:50.558[0;39m : [32m[org.apache.catalina.core.StandardService:173][0;39m - Starting service [Tomcat]
[34m[INFO ][0;39m [36m2025-04-04 15:10:50.558[0;39m : [32m[org.apache.catalina.core.StandardEngine:173][0;39m - Starting Servlet engine: [Apache Tomcat/10.1.36]
[34m[INFO ][0;39m [36m2025-04-04 15:10:50.607[0;39m : [32m[org.apache.catalina.core.ContainerBase.[Tomcat].[localhost].[/]:173][0;39m - Initializing Spring embedded WebApplicationContext
[34m[INFO ][0;39m [36m2025-04-04 15:10:50.608[0;39m : [32m[org.springframework.boot.web.servlet.context.ServletWebServerApplicationContext:301][0;39m - Root WebApplicationContext: initialization completed in 979 ms
[34m[INFO ][0;39m [36m2025-04-04 15:10:50.751[0;39m : [32m[org.hibernate.jpa.internal.util.LogHelper:31][0;39m - HHH000204: Processing PersistenceUnitInfo [name: default]
[34m[INFO ][0;39m [36m2025-04-04 15:10:50.796[0;39m : [32m[org.hibernate.Version:44][0;39m - HHH000412: Hibernate ORM core version 6.6.8.Final
[34m[INFO ][0;39m [36m2025-04-04 15:10:50.823[0;39m : [32m[org.hibernate.cache.internal.RegionFactoryInitiator:50][0;39m - HHH000026: Second-level cache disabled
[34m[INFO ][0;39m [36m2025-04-04 15:10:51.064[0;39m : [32m[org.springframework.orm.jpa.persistenceunit.SpringPersistenceUnitInfo:87][0;39m - No LoadTimeWeaver setup: ignoring JPA class transformer
[34m[INFO ][0;39m [36m2025-04-04 15:10:51.091[0;39m : [32m[com.zaxxer.hikari.HikariDataSource:109][0;39m - HikariPool-1 - Starting...
[34m[INFO ][0;39m [36m2025-04-04 15:10:51.338[0;39m : [32m[com.zaxxer.hikari.pool.HikariPool:554][0;39m - HikariPool-1 - Added connection com.mysql.cj.jdbc.ConnectionImpl@67593f7b
[34m[INFO ][0;39m [36m2025-04-04 15:10:51.340[0;39m : [32m[com.zaxxer.hikari.HikariDataSource:122][0;39m - HikariPool-1 - Start completed.
[34m[INFO ][0;39m [36m2025-04-04 15:10:51.406[0;39m : [32m[org.hibernate.orm.connections.pooling:157][0;39m - HHH10001005: Database info:
	Database JDBC URL [Connecting through datasource 'HikariDataSource (HikariPool-1)']
	Database driver: undefined/unknown
	Database version: 8.0.41
	Autocommit mode: undefined/unknown
	Isolation level: undefined/unknown
	Minimum pool size: undefined/unknown
	Maximum pool size: undefined/unknown
[34m[INFO ][0;39m [36m2025-04-04 15:10:51.675[0;39m : [32m[org.hibernate.engine.transaction.jta.platform.internal.JtaPlatformInitiator:59][0;39m - HHH000489: No JTA platform available (set 'hibernate.transaction.jta.platform' to enable JTA platform integration)
[34m[INFO ][0;39m [36m2025-04-04 15:10:51.680[0;39m : [32m[org.springframework.orm.jpa.LocalContainerEntityManagerFactoryBean:447][0;39m - Initialized JPA EntityManagerFactory for persistence unit 'default'
[31m[WARN ][0;39m [36m2025-04-04 15:10:51.800[0;39m : [32m[org.springframework.boot.autoconfigure.orm.jpa.JpaBaseConfiguration$JpaWebConfiguration:241][0;39m - spring.jpa.open-in-view is enabled by default. Therefore, database queries may be performed during view rendering. Explicitly configure spring.jpa.open-in-view to disable this warning
[34m[INFO ][0;39m [36m2025-04-04 15:10:51.823[0;39m : [32m[org.springframework.boot.autoconfigure.web.servlet.WelcomePageHandlerMapping:59][0;39m - Adding welcome page template: index
[34m[INFO ][0;39m [36m2025-04-04 15:10:52.026[0;39m : [32m[org.apache.coyote.http11.Http11NioProtocol:173][0;39m - Starting ProtocolHandler ["http-nio-8082"]
[34m[INFO ][0;39m [36m2025-04-04 15:10:52.041[0;39m : [32m[org.springframework.boot.web.embedded.tomcat.TomcatWebServer:243][0;39m - Tomcat started on port 8082 (http) with context path '/'
[34m[INFO ][0;39m [36m2025-04-04 15:10:52.046[0;39m : [32m[com.inspire12.likelionbackend.LikeLionSampleApplication:59][0;39m - Started LikeLionSampleApplication in 3.046 seconds (process running for 3.351)
[34m[INFO ][0;39m [36m2025-04-04 15:27:39.200[0;39m : [32m[com.inspire12.likelionbackend.LikeLionSampleApplication:53][0;39m - Starting LikeLionSampleApplication using Java 21.0.3 with PID 9600 (C:\Users\user\Desktop\Projects\likelion_proj\likelion-backend\build\classes\java\main started by user in C:\Users\user\Desktop\Projects\likelion_proj\likelion-backend)
[34m[INFO ][0;39m [36m2025-04-04 15:27:39.202[0;39m : [32m[com.inspire12.likelionbackend.LikeLionSampleApplication:652][0;39m - No active profile set, falling back to 1 default profile: "default"
[34m[INFO ][0;39m [36m2025-04-04 15:27:39.796[0;39m : [32m[org.springframework.data.repository.config.RepositoryConfigurationDelegate:143][0;39m - Bootstrapping Spring Data JPA repositories in DEFAULT mode.
[34m[INFO ][0;39m [36m2025-04-04 15:27:39.839[0;39m : [32m[org.springframework.data.repository.config.RepositoryConfigurationDelegate:211][0;39m - Finished Spring Data repository scanning in 35 ms. Found 0 JPA repository interfaces.
[34m[INFO ][0;39m [36m2025-04-04 15:27:40.238[0;39m : [32m[org.springframework.boot.web.embedded.tomcat.TomcatWebServer:111][0;39m - Tomcat initialized with port 8082 (http)
[34m[INFO ][0;39m [36m2025-04-04 15:27:40.248[0;39m : [32m[org.apache.coyote.http11.Http11NioProtocol:173][0;39m - Initializing ProtocolHandler ["http-nio-8082"]
[34m[INFO ][0;39m [36m2025-04-04 15:27:40.249[0;39m : [32m[org.apache.catalina.core.StandardService:173][0;39m - Starting service [Tomcat]
[34m[INFO ][0;39m [36m2025-04-04 15:27:40.249[0;39m : [32m[org.apache.catalina.core.StandardEngine:173][0;39m - Starting Servlet engine: [Apache Tomcat/10.1.36]
[34m[INFO ][0;39m [36m2025-04-04 15:27:40.299[0;39m : [32m[org.apache.catalina.core.ContainerBase.[Tomcat].[localhost].[/]:173][0;39m - Initializing Spring embedded WebApplicationContext
[34m[INFO ][0;39m [36m2025-04-04 15:27:40.300[0;39m : [32m[org.springframework.boot.web.servlet.context.ServletWebServerApplicationContext:301][0;39m - Root WebApplicationContext: initialization completed in 1057 ms
[34m[INFO ][0;39m [36m2025-04-04 15:27:40.450[0;39m : [32m[org.hibernate.jpa.internal.util.LogHelper:31][0;39m - HHH000204: Processing PersistenceUnitInfo [name: default]
[34m[INFO ][0;39m [36m2025-04-04 15:27:40.496[0;39m : [32m[org.hibernate.Version:44][0;39m - HHH000412: Hibernate ORM core version 6.6.8.Final
[34m[INFO ][0;39m [36m2025-04-04 15:27:40.525[0;39m : [32m[org.hibernate.cache.internal.RegionFactoryInitiator:50][0;39m - HHH000026: Second-level cache disabled
[34m[INFO ][0;39m [36m2025-04-04 15:27:40.758[0;39m : [32m[org.springframework.orm.jpa.persistenceunit.SpringPersistenceUnitInfo:87][0;39m - No LoadTimeWeaver setup: ignoring JPA class transformer
[34m[INFO ][0;39m [36m2025-04-04 15:27:40.782[0;39m : [32m[com.zaxxer.hikari.HikariDataSource:109][0;39m - HikariPool-1 - Starting...
[34m[INFO ][0;39m [36m2025-04-04 15:27:41.030[0;39m : [32m[com.zaxxer.hikari.pool.HikariPool:554][0;39m - HikariPool-1 - Added connection com.mysql.cj.jdbc.ConnectionImpl@16ef1160
[34m[INFO ][0;39m [36m2025-04-04 15:27:41.032[0;39m : [32m[com.zaxxer.hikari.HikariDataSource:122][0;39m - HikariPool-1 - Start completed.
[34m[INFO ][0;39m [36m2025-04-04 15:27:41.099[0;39m : [32m[org.hibernate.orm.connections.pooling:157][0;39m - HHH10001005: Database info:
	Database JDBC URL [Connecting through datasource 'HikariDataSource (HikariPool-1)']
	Database driver: undefined/unknown
	Database version: 8.0.41
	Autocommit mode: undefined/unknown
	Isolation level: undefined/unknown
	Minimum pool size: undefined/unknown
	Maximum pool size: undefined/unknown
[34m[INFO ][0;39m [36m2025-04-04 15:27:41.368[0;39m : [32m[org.hibernate.engine.transaction.jta.platform.internal.JtaPlatformInitiator:59][0;39m - HHH000489: No JTA platform available (set 'hibernate.transaction.jta.platform' to enable JTA platform integration)
[34m[INFO ][0;39m [36m2025-04-04 15:27:41.373[0;39m : [32m[org.springframework.orm.jpa.LocalContainerEntityManagerFactoryBean:447][0;39m - Initialized JPA EntityManagerFactory for persistence unit 'default'
[31m[WARN ][0;39m [36m2025-04-04 15:27:41.516[0;39m : [32m[org.springframework.boot.autoconfigure.orm.jpa.JpaBaseConfiguration$JpaWebConfiguration:241][0;39m - spring.jpa.open-in-view is enabled by default. Therefore, database queries may be performed during view rendering. Explicitly configure spring.jpa.open-in-view to disable this warning
[34m[INFO ][0;39m [36m2025-04-04 15:27:41.537[0;39m : [32m[org.springframework.boot.autoconfigure.web.servlet.WelcomePageHandlerMapping:59][0;39m - Adding welcome page template: index
[34m[INFO ][0;39m [36m2025-04-04 15:27:41.744[0;39m : [32m[org.apache.coyote.http11.Http11NioProtocol:173][0;39m - Starting ProtocolHandler ["http-nio-8082"]
[34m[INFO ][0;39m [36m2025-04-04 15:27:41.758[0;39m : [32m[org.springframework.boot.web.embedded.tomcat.TomcatWebServer:243][0;39m - Tomcat started on port 8082 (http) with context path '/'
[34m[INFO ][0;39m [36m2025-04-04 15:27:41.764[0;39m : [32m[com.inspire12.likelionbackend.LikeLionSampleApplication:59][0;39m - Started LikeLionSampleApplication in 3.179 seconds (process running for 3.492)
