[34m[INFO ][0;39m [36m2025-04-04 13:58:11.019[0;39m : [32m[com.inspire12.likelionbackend.LikeLionSampleApplication:53][0;39m - Starting LikeLionSampleApplication using Java 21.0.3 with PID 28932 (C:\Users\user\Desktop\Projects\likelion_proj\likelion-backend\build\classes\java\main started by user in C:\Users\user\Desktop\Projects\likelion_proj\likelion-backend)
[34m[INFO ][0;39m [36m2025-04-04 13:58:11.020[0;39m : [32m[com.inspire12.likelionbackend.LikeLionSampleApplication:652][0;39m - No active profile set, falling back to 1 default profile: "default"
[34m[INFO ][0;39m [36m2025-04-04 13:58:11.490[0;39m : [32m[org.springframework.data.repository.config.RepositoryConfigurationDelegate:143][0;39m - Bootstrapping Spring Data JPA repositories in DEFAULT mode.
[34m[INFO ][0;39m [36m2025-04-04 13:58:11.524[0;39m : [32m[org.springframework.data.repository.config.RepositoryConfigurationDelegate:211][0;39m - Finished Spring Data repository scanning in 28 ms. Found 0 JPA repository interfaces.
[34m[INFO ][0;39m [36m2025-04-04 13:58:11.898[0;39m : [32m[org.springframework.boot.web.embedded.tomcat.TomcatWebServer:111][0;39m - Tomcat initialized with port 8082 (http)
[34m[INFO ][0;39m [36m2025-04-04 13:58:11.907[0;39m : [32m[org.apache.coyote.http11.Http11NioProtocol:173][0;39m - Initializing ProtocolHandler ["http-nio-8082"]
[34m[INFO ][0;39m [36m2025-04-04 13:58:11.909[0;39m : [32m[org.apache.catalina.core.StandardService:173][0;39m - Starting service [Tomcat]
[34m[INFO ][0;39m [36m2025-04-04 13:58:11.909[0;39m : [32m[org.apache.catalina.core.StandardEngine:173][0;39m - Starting Servlet engine: [Apache Tomcat/10.1.36]
[34m[INFO ][0;39m [36m2025-04-04 13:58:11.967[0;39m : [32m[org.apache.catalina.core.ContainerBase.[Tomcat].[localhost].[/]:173][0;39m - Initializing Spring embedded WebApplicationContext
[34m[INFO ][0;39m [36m2025-04-04 13:58:11.967[0;39m : [32m[org.springframework.boot.web.servlet.context.ServletWebServerApplicationContext:301][0;39m - Root WebApplicationContext: initialization completed in 906 ms
[34m[INFO ][0;39m [36m2025-04-04 13:58:12.093[0;39m : [32m[org.hibernate.jpa.internal.util.LogHelper:31][0;39m - HHH000204: Processing PersistenceUnitInfo [name: default]
[34m[INFO ][0;39m [36m2025-04-04 13:58:12.133[0;39m : [32m[org.hibernate.Version:44][0;39m - HHH000412: Hibernate ORM core version 6.6.8.Final
[34m[INFO ][0;39m [36m2025-04-04 13:58:12.161[0;39m : [32m[org.hibernate.cache.internal.RegionFactoryInitiator:50][0;39m - HHH000026: Second-level cache disabled
[34m[INFO ][0;39m [36m2025-04-04 13:58:12.372[0;39m : [32m[org.springframework.orm.jpa.persistenceunit.SpringPersistenceUnitInfo:87][0;39m - No LoadTimeWeaver setup: ignoring JPA class transformer
[34m[INFO ][0;39m [36m2025-04-04 13:58:12.397[0;39m : [32m[com.zaxxer.hikari.HikariDataSource:109][0;39m - HikariPool-1 - Starting...
[34m[INFO ][0;39m [36m2025-04-04 13:58:12.631[0;39m : [32m[com.zaxxer.hikari.pool.HikariPool:554][0;39m - HikariPool-1 - Added connection com.mysql.cj.jdbc.ConnectionImpl@60194904
[34m[INFO ][0;39m [36m2025-04-04 13:58:12.633[0;39m : [32m[com.zaxxer.hikari.HikariDataSource:122][0;39m - HikariPool-1 - Start completed.
[34m[INFO ][0;39m [36m2025-04-04 13:58:12.691[0;39m : [32m[org.hibernate.orm.connections.pooling:157][0;39m - HHH10001005: Database info:
	Database JDBC URL [Connecting through datasource 'HikariDataSource (HikariPool-1)']
	Database driver: undefined/unknown
	Database version: 8.0.41
	Autocommit mode: undefined/unknown
	Isolation level: undefined/unknown
	Minimum pool size: undefined/unknown
	Maximum pool size: undefined/unknown
[34m[INFO ][0;39m [36m2025-04-04 13:58:12.927[0;39m : [32m[org.hibernate.engine.transaction.jta.platform.internal.JtaPlatformInitiator:59][0;39m - HHH000489: No JTA platform available (set 'hibernate.transaction.jta.platform' to enable JTA platform integration)
[34m[INFO ][0;39m [36m2025-04-04 13:58:12.930[0;39m : [32m[org.springframework.orm.jpa.LocalContainerEntityManagerFactoryBean:447][0;39m - Initialized JPA EntityManagerFactory for persistence unit 'default'
[31m[WARN ][0;39m [36m2025-04-04 13:58:13.053[0;39m : [32m[org.springframework.boot.autoconfigure.orm.jpa.JpaBaseConfiguration$JpaWebConfiguration:241][0;39m - spring.jpa.open-in-view is enabled by default. Therefore, database queries may be performed during view rendering. Explicitly configure spring.jpa.open-in-view to disable this warning
[34m[INFO ][0;39m [36m2025-04-04 13:58:13.071[0;39m : [32m[org.springframework.boot.autoconfigure.web.servlet.WelcomePageHandlerMapping:59][0;39m - Adding welcome page template: index
[34m[INFO ][0;39m [36m2025-04-04 13:58:13.268[0;39m : [32m[org.apache.coyote.http11.Http11NioProtocol:173][0;39m - Starting ProtocolHandler ["http-nio-8082"]
[34m[INFO ][0;39m [36m2025-04-04 13:58:13.281[0;39m : [32m[org.springframework.boot.web.embedded.tomcat.TomcatWebServer:243][0;39m - Tomcat started on port 8082 (http) with context path '/'
[34m[INFO ][0;39m [36m2025-04-04 13:58:13.285[0;39m : [32m[com.inspire12.likelionbackend.LikeLionSampleApplication:59][0;39m - Started LikeLionSampleApplication in 2.685 seconds (process running for 2.956)
